> Task :app:preBuild UP-TO-DATE
> Task :app:preDebugBuild UP-TO-DATE
> Task :app:mergeDebugNativeDebugMetadata NO-SOURCE
> Task :app:checkKotlinGradlePluginConfigurationErrors SKIPPED
> Task :app:checkDebugAarMetadata UP-TO-DATE
> Task :app:generateDebugResValues UP-TO-DATE
> Task :app:mapDebugSourceSetPaths UP-TO-DATE
> Task :app:generateDebugResources UP-TO-DATE
> Task :app:mergeDebugResources UP-TO-DATE
> Task :app:packageDebugResources UP-TO-DATE
> Task :app:parseDebugLocalResources UP-TO-DATE
> Task :app:createDebugCompatibleScreenManifests UP-TO-DATE
> Task :app:extractDeepLinksDebug UP-TO-DATE
> Task :app:processDebugMainManifest UP-TO-DATE
> Task :app:processDebugManifest UP-TO-DATE
> Task :app:processDebugManifestForPackage UP-TO-DATE
> Task :app:processDebugResources UP-TO-DATE
> Task :app:kspDebugKotlin UP-TO-DATE
> Task :app:javaPreCompileDebug UP-TO-DATE
> Task :app:mergeDebugShaders UP-TO-DATE
> Task :app:compileDebugShaders NO-SOURCE
> Task :app:generateDebugAssets UP-TO-DATE
> Task :app:mergeDebugAssets UP-TO-DATE
> Task :app:compressDebugAssets UP-TO-DATE
> Task :app:checkDebugDuplicateClasses UP-TO-DATE
> Task :app:desugarDebugFileDependencies UP-TO-DATE
> Task :app:mergeExtDexDebug UP-TO-DATE
> Task :app:mergeLibDexDebug UP-TO-DATE
> Task :app:mergeDebugJniLibFolders UP-TO-DATE
> Task :app:mergeDebugNativeLibs UP-TO-DATE
> Task :app:stripDebugDebugSymbols UP-TO-DATE
> Task :app:validateSigningDebug UP-TO-DATE
> Task :app:writeDebugAppMetadata UP-TO-DATE
> Task :app:writeDebugSigningConfigVersions UP-TO-DATE

> Task :app:compileDebugKotlin FAILED
e: file:///C:/Users/panos/Desktop/cost%20agregator/ExpenseTracker/app/src/main/java/com/yourname/expensetracker/ui/MainActivity.kt:17:2 Unresolved reference 'AndroidEntryPoint'.
e: file:///C:/Users/panos/Desktop/cost%20agregator/ExpenseTracker/app/src/main/java/com/yourname/expensetracker/ui/MainActivity.kt:23:13 Unresolved reference 'ExpenseTrackerTheme'.
e: file:///C:/Users/panos/Desktop/cost%20agregator/ExpenseTracker/app/src/main/java/com/yourname/expensetracker/ui/MainActivity.kt:24:17 @Composable invocations can only happen from the context of a @Composable function
e: file:///C:/Users/panos/Desktop/cost%20agregator/ExpenseTracker/app/src/main/java/com/yourname/expensetracker/ui/MainActivity.kt:26:43 @Composable invocations can only happen from the context of a @Composable function
e: file:///C:/Users/panos/Desktop/cost%20agregator/ExpenseTracker/app/src/main/java/com/yourname/expensetracker/ui/MainActivity.kt:35:2 Unresolved reference 'Composable'.
e: file:///C:/Users/panos/Desktop/cost%20agregator/ExpenseTracker/app/src/main/java/com/yourname/expensetracker/ui/MainActivity.kt:36:5 Functions which invoke @Composable functions must be marked with the @Composable annotation
e: file:///C:/Users/panos/Desktop/cost%20agregator/ExpenseTracker/app/src/main/java/com/yourname/expensetracker/ui/MainActivity.kt:37:24 Unresolved reference 'remember'.
e: file:///C:/Users/panos/Desktop/cost%20agregator/ExpenseTracker/app/src/main/java/com/yourname/expensetracker/ui/MainActivity.kt:37:33 Unresolved reference 'mutableIntStateOf'.
e: file:///C:/Users/panos/Desktop/cost%20agregator/ExpenseTracker/app/src/main/java/com/yourname/expensetracker/ui/MainActivity.kt:37:35 Unresolved reference 'mutableIntStateOf'.
e: file:///C:/Users/panos/Desktop/cost%20agregator/ExpenseTracker/app/src/main/java/com/yourname/expensetracker/ui/MainActivity.kt:40:44 @Composable invocations can only happen from the context of a @Composable function
e: file:///C:/Users/panos/Desktop/cost%20agregator/ExpenseTracker/app/src/main/java/com/yourname/expensetracker/ui/MainActivity.kt:41:25 Type 'androidx.compose.runtime.State<kotlin.Int>' has no method 'getValue(Nothing?, KProperty0<*>)', so it cannot serve as a delegate.
e: file:///C:/Users/panos/Desktop/cost%20agregator/ExpenseTracker/app/src/main/java/com/yourname/expensetracker/ui/MainActivity.kt:41:54 @Composable invocations can only happen from the context of a @Composable function
e: file:///C:/Users/panos/Desktop/cost%20agregator/ExpenseTracker/app/src/main/java/com/yourname/expensetracker/ui/MainActivity.kt:43:5 Unresolved reference 'Scaffold'.
e: file:///C:/Users/panos/Desktop/cost%20agregator/ExpenseTracker/app/src/main/java/com/yourname/expensetracker/ui/MainActivity.kt:44:21 Unresolved reference 'NavigationBar'.
e: file:///C:/Users/panos/Desktop/cost%20agregator/ExpenseTracker/app/src/main/java/com/yourname/expensetracker/ui/MainActivity.kt:45:13 Unresolved reference 'NavigationBar'.
e: file:///C:/Users/panos/Desktop/cost%20agregator/ExpenseTracker/app/src/main/java/com/yourname/expensetracker/ui/MainActivity.kt:45:27 Unresolved reference 'NavigationBarItem'.
e: file:///C:/Users/panos/Desktop/cost%20agregator/ExpenseTracker/app/src/main/java/com/yourname/expensetracker/ui/MainActivity.kt:46:17 Unresolved reference 'NavigationBarItem'.
e: file:///C:/Users/panos/Desktop/cost%20agregator/ExpenseTracker/app/src/main/java/com/yourname/expensetracker/ui/MainActivity.kt:49:28 Unresolved reference 'Icon'.
e: file:///C:/Users/panos/Desktop/cost%20agregator/ExpenseTracker/app/src/main/java/com/yourname/expensetracker/ui/MainActivity.kt:49:30 Unresolved reference 'Icon'.
e: file:///C:/Users/panos/Desktop/cost%20agregator/ExpenseTracker/app/src/main/java/com/yourname/expensetracker/ui/MainActivity.kt:49:35 Unresolved reference 'Icons'.
e: file:///C:/Users/panos/Desktop/cost%20agregator/ExpenseTracker/app/src/main/java/com/yourname/expensetracker/ui/MainActivity.kt:50:29 Unresolved reference 'Text'.
e: file:///C:/Users/panos/Desktop/cost%20agregator/ExpenseTracker/app/src/main/java/com/yourname/expensetracker/ui/MainActivity.kt:50:31 Unresolved reference 'Text'.
e: file:///C:/Users/panos/Desktop/cost%20agregator/ExpenseTracker/app/src/main/java/com/yourname/expensetracker/ui/MainActivity.kt:52:17 Unresolved reference 'NavigationBarItem'.
e: file:///C:/Users/panos/Desktop/cost%20agregator/ExpenseTracker/app/src/main/java/com/yourname/expensetracker/ui/MainActivity.kt:55:28 Unresolved reference 'Icon'.
e: file:///C:/Users/panos/Desktop/cost%20agregator/ExpenseTracker/app/src/main/java/com/yourname/expensetracker/ui/MainActivity.kt:55:30 Unresolved reference 'Icon'.
e: file:///C:/Users/panos/Desktop/cost%20agregator/ExpenseTracker/app/src/main/java/com/yourname/expensetracker/ui/MainActivity.kt:55:35 Unresolved reference 'Icons'.
e: file:///C:/Users/panos/Desktop/cost%20agregator/ExpenseTracker/app/src/main/java/com/yourname/expensetracker/ui/MainActivity.kt:56:29 Unresolved reference 'Text'.
e: file:///C:/Users/panos/Desktop/cost%20agregator/ExpenseTracker/app/src/main/java/com/yourname/expensetracker/ui/MainActivity.kt:56:31 Unresolved reference 'Text'.
e: file:///C:/Users/panos/Desktop/cost%20agregator/ExpenseTracker/app/src/main/java/com/yourname/expensetracker/ui/MainActivity.kt:58:17 Unresolved reference 'NavigationBarItem'.
e: file:///C:/Users/panos/Desktop/cost%20agregator/ExpenseTracker/app/src/main/java/com/yourname/expensetracker/ui/MainActivity.kt:61:28 Unresolved reference 'BadgedBox'.
e: file:///C:/Users/panos/Desktop/cost%20agregator/ExpenseTracker/app/src/main/java/com/yourname/expensetracker/ui/MainActivity.kt:62:25 Unresolved reference 'BadgedBox'.
e: file:///C:/Users/panos/Desktop/cost%20agregator/ExpenseTracker/app/src/main/java/com/yourname/expensetracker/ui/MainActivity.kt:65:37 Unresolved reference 'Badge'.
e: file:///C:/Users/panos/Desktop/cost%20agregator/ExpenseTracker/app/src/main/java/com/yourname/expensetracker/ui/MainActivity.kt:65:43 Unresolved reference 'Text'.
e: file:///C:/Users/panos/Desktop/cost%20agregator/ExpenseTracker/app/src/main/java/com/yourname/expensetracker/ui/MainActivity.kt:65:45 Unresolved reference 'Text'.
e: file:///C:/Users/panos/Desktop/cost%20agregator/ExpenseTracker/app/src/main/java/com/yourname/expensetracker/ui/MainActivity.kt:68:27 Unresolved reference 'Icon'.
e: file:///C:/Users/panos/Desktop/cost%20agregator/ExpenseTracker/app/src/main/java/com/yourname/expensetracker/ui/MainActivity.kt:69:29 Unresolved reference 'Icon'.
e: file:///C:/Users/panos/Desktop/cost%20agregator/ExpenseTracker/app/src/main/java/com/yourname/expensetracker/ui/MainActivity.kt:69:34 Unresolved reference 'Icons'.
e: file:///C:/Users/panos/Desktop/cost%20agregator/ExpenseTracker/app/src/main/java/com/yourname/expensetracker/ui/MainActivity.kt:72:29 Unresolved reference 'Text'.
e: file:///C:/Users/panos/Desktop/cost%20agregator/ExpenseTracker/app/src/main/java/com/yourname/expensetracker/ui/MainActivity.kt:72:31 Unresolved reference 'Text'.
e: file:///C:/Users/panos/Desktop/cost%20agregator/ExpenseTracker/app/src/main/java/com/yourname/expensetracker/ui/MainActivity.kt:74:17 Unresolved reference 'NavigationBarItem'.
e: file:///C:/Users/panos/Desktop/cost%20agregator/ExpenseTracker/app/src/main/java/com/yourname/expensetracker/ui/MainActivity.kt:77:28 Unresolved reference 'Icon'.
e: file:///C:/Users/panos/Desktop/cost%20agregator/ExpenseTracker/app/src/main/java/com/yourname/expensetracker/ui/MainActivity.kt:77:30 Unresolved reference 'Icon'.
e: file:///C:/Users/panos/Desktop/cost%20agregator/ExpenseTracker/app/src/main/java/com/yourname/expensetracker/ui/MainActivity.kt:77:35 Unresolved reference 'Icons'.
e: file:///C:/Users/panos/Desktop/cost%20agregator/ExpenseTracker/app/src/main/java/com/yourname/expensetracker/ui/MainActivity.kt:78:29 Unresolved reference 'Text'.
e: file:///C:/Users/panos/Desktop/cost%20agregator/ExpenseTracker/app/src/main/java/com/yourname/expensetracker/ui/MainActivity.kt:78:31 Unresolved reference 'Text'.
e: file:///C:/Users/panos/Desktop/cost%20agregator/ExpenseTracker/app/src/main/java/com/yourname/expensetracker/ui/MainActivity.kt:80:17 Unresolved reference 'NavigationBarItem'.
e: file:///C:/Users/panos/Desktop/cost%20agregator/ExpenseTracker/app/src/main/java/com/yourname/expensetracker/ui/MainActivity.kt:83:28 Unresolved reference 'Icon'.
e: file:///C:/Users/panos/Desktop/cost%20agregator/ExpenseTracker/app/src/main/java/com/yourname/expensetracker/ui/MainActivity.kt:83:30 Unresolved reference 'Icon'.
e: file:///C:/Users/panos/Desktop/cost%20agregator/ExpenseTracker/app/src/main/java/com/yourname/expensetracker/ui/MainActivity.kt:83:35 Unresolved reference 'Icons'.
e: file:///C:/Users/panos/Desktop/cost%20agregator/ExpenseTracker/app/src/main/java/com/yourname/expensetracker/ui/MainActivity.kt:84:29 Unresolved reference 'Text'.
e: file:///C:/Users/panos/Desktop/cost%20agregator/ExpenseTracker/app/src/main/java/com/yourname/expensetracker/ui/MainActivity.kt:84:31 Unresolved reference 'Text'.
e: file:///C:/Users/panos/Desktop/cost%20agregator/ExpenseTracker/app/src/main/java/com/yourname/expensetracker/ui/MainActivity.kt:88:9 Cannot infer type for this parameter. Please specify it explicitly.
e: file:///C:/Users/panos/Desktop/cost%20agregator/ExpenseTracker/app/src/main/java/com/yourname/expensetracker/ui/MainActivity.kt:89:9 Unresolved reference 'Box'.
e: file:///C:/Users/panos/Desktop/cost%20agregator/ExpenseTracker/app/src/main/java/com/yourname/expensetracker/ui/MainActivity.kt:90:33 Unresolved reference 'padding'.
e: file:///C:/Users/panos/Desktop/cost%20agregator/ExpenseTracker/app/src/main/java/com/yourname/expensetracker/ui/MainActivity.kt:93:22 Unresolved reference 'HomeScreen'.
e: file:///C:/Users/panos/Desktop/cost%20agregator/ExpenseTracker/app/src/main/java/com/yourname/expensetracker/ui/MainActivity.kt:94:74 @Composable invocations can only happen from the context of a @Composable function
e: file:///C:/Users/panos/Desktop/cost%20agregator/ExpenseTracker/app/src/main/java/com/yourname/expensetracker/ui/MainActivity.kt:95:22 @Composable invocations can only happen from the context of a @Composable function
e: file:///C:/Users/panos/Desktop/cost%20agregator/ExpenseTracker/app/src/main/java/com/yourname/expensetracker/ui/MainActivity.kt:96:72 @Composable invocations can only happen from the context of a @Composable function
e: file:///C:/Users/panos/Desktop/cost%20agregator/ExpenseTracker/app/src/main/java/com/yourname/expensetracker/ui/MainActivity.kt:97:22 Unresolved reference 'DebugScreen'.

FAILURE: Build failed with an exception.

* What went wrong:
Execution failed for task ':app:compileDebugKotlin'.
> A failure occurred while executing org.jetbrains.kotlin.compilerRunner.GradleCompilerRunnerWithWorkers$GradleKotlinCompilerWorkAction
   > Compilation error. See log for more details

* Try:
> Run with --stacktrace option to get the stack trace.
> Run with --info or --debug option to get more log output.
> Run with --scan to get full insights.
> Get more help at https://help.gradle.org.

BUILD FAILED in 4s
29 actionable tasks: 1 executed, 28 up-to-date
